

asdasdaderror 1
123
789.
